[ ERROR] [77687] [2025-10-21 18:54:47.672] [http-nio-8082-exec-1] [com.cydeo.exception.GlobalExceptionHandler] - "Access is denied"
[ ERROR] [77687] [2025-10-21 19:04:43.076] [http-nio-8082-exec-4] [com.cydeo.exception.GlobalExceptionHandler] - "Access is denied"
[ ERROR] [37648] [2025-12-01 03:33:59.518] [http-nio-8082-exec-4] [com.cydeo.exception.GlobalExceptionHandler] - "[500] during [GET] to [http://task-service/api/v1/task/count/project/SP001] [TaskClient#getCountsByProject(String)]: [<!doctype html><html lang="en"><head><title>HTTP Status 500 – Internal Server Error</title><style type="text/css">body {font-family:Tahoma,Arial,sans-serif;} h1, h2, h3, b {color:white;background-colo... (455 bytes)]"
[ ERROR] [37648] [2025-12-01 03:42:02.756] [http-nio-8082-exec-5] [com.cydeo.exception.GlobalExceptionHandler] - "[500] during [GET] to [http://task-service/api/v1/task/count/project/SP001] [TaskClient#getCountsByProject(String)]: [<!doctype html><html lang="en"><head><title>HTTP Status 500 – Internal Server Error</title><style type="text/css">body {font-family:Tahoma,Arial,sans-serif;} h1, h2, h3, b {color:white;background-colo... (455 bytes)]"
[ ERROR] [42547] [2025-12-01 03:49:18.300] [http-nio-8082-exec-1] [com.cydeo.exception.GlobalExceptionHandler] - "[500] during [GET] to [http://task-service/api/v1/task/count/project/SP001] [TaskClient#getCountsByProject(String)]: [{"success":false,"message":"Action failed: An error occurred!","httpStatus":"INTERNAL_SERVER_ERROR","localDateTime":"2025-12-01T03:49:18.257726"}]"
[ ERROR] [42547] [2025-12-01 03:55:03.752] [http-nio-8082-exec-3] [com.cydeo.exception.GlobalExceptionHandler] - "[500] during [GET] to [http://task-service/api/v1/task/count/project/SP001] [TaskClient#getCountsByProject(String)]: [{"success":false,"message":"Action failed: An error occurred!","httpStatus":"INTERNAL_SERVER_ERROR","localDateTime":"2025-12-01T03:55:03.7398"}]"
[ ERROR] [42547] [2025-12-01 03:56:06.234] [http-nio-8082-exec-4] [com.cydeo.exception.GlobalExceptionHandler] - "[503] during [GET] to [http://task-service/api/v1/task/count/project/SP001] [TaskClient#getCountsByProject(String)]: [Load balancer does not contain an instance for the service task-service]"
[ ERROR] [42547] [2025-12-01 03:57:24.159] [http-nio-8082-exec-6] [com.cydeo.exception.GlobalExceptionHandler] - "[500] during [GET] to [http://task-service/api/v1/task/count/project/SP001] [TaskClient#getCountsByProject(String)]: [{"success":false,"message":"Action failed: An error occurred!","httpStatus":"INTERNAL_SERVER_ERROR","localDateTime":"2025-12-01T03:57:24.128998"}]"
[ ERROR] [42547] [2025-12-01 03:57:27.868] [http-nio-8082-exec-8] [com.cydeo.exception.GlobalExceptionHandler] - "[500] during [GET] to [http://task-service/api/v1/task/count/project/SP001] [TaskClient#getCountsByProject(String)]: [{"success":false,"message":"Action failed: An error occurred!","httpStatus":"INTERNAL_SERVER_ERROR","localDateTime":"2025-12-01T03:57:27.862428"}]"
[ ERROR] [42547] [2025-12-01 03:59:10.042] [http-nio-8082-exec-9] [com.cydeo.exception.GlobalExceptionHandler] - "[500] during [GET] to [http://task-service/api/v1/task/count/project/SP001] [TaskClient#getCountsByProject(String)]: [{"success":false,"message":"Action failed: An error occurred!","httpStatus":"INTERNAL_SERVER_ERROR","localDateTime":"2025-12-01T03:59:10.035655"}]"
[ ERROR] [42547] [2025-12-01 04:02:28.346] [http-nio-8082-exec-3] [com.cydeo.exception.GlobalExceptionHandler] - "[500] during [GET] to [http://task-service/api/v1/task/count/project/SP001] [TaskClient#getCountsByProject(String)]: [{"success":false,"message":"Action failed: An error occurred!","httpStatus":"INTERNAL_SERVER_ERROR","localDateTime":"2025-12-01T04:02:28.338797"}]"
[ ERROR] [46065] [2025-12-01 04:10:40.214] [http-nio-8082-exec-2] [com.cydeo.exception.GlobalExceptionHandler] - "[500] during [GET] to [http://task-service/api/v1/task/count/project/SP001] [TaskClient#getCountsByProject(String)]: [{"success":false,"message":"Action failed: An error occurred!","httpStatus":"INTERNAL_SERVER_ERROR","localDateTime":"2025-12-01T04:10:40.18378"}]"
[ ERROR] [46065] [2025-12-01 04:10:43.100] [http-nio-8082-exec-4] [com.cydeo.exception.GlobalExceptionHandler] - "[500] during [GET] to [http://task-service/api/v1/task/count/project/SP001] [TaskClient#getCountsByProject(String)]: [{"success":false,"message":"Action failed: An error occurred!","httpStatus":"INTERNAL_SERVER_ERROR","localDateTime":"2025-12-01T04:10:43.095506"}]"
[ ERROR] [46065] [2025-12-01 04:10:43.908] [http-nio-8082-exec-5] [com.cydeo.exception.GlobalExceptionHandler] - "[500] during [GET] to [http://task-service/api/v1/task/count/project/SP001] [TaskClient#getCountsByProject(String)]: [{"success":false,"message":"Action failed: An error occurred!","httpStatus":"INTERNAL_SERVER_ERROR","localDateTime":"2025-12-01T04:10:43.905978"}]"
[ ERROR] [46065] [2025-12-01 04:10:44.183] [http-nio-8082-exec-8] [com.cydeo.exception.GlobalExceptionHandler] - "[500] during [GET] to [http://task-service/api/v1/task/count/project/SP001] [TaskClient#getCountsByProject(String)]: [{"success":false,"message":"Action failed: An error occurred!","httpStatus":"INTERNAL_SERVER_ERROR","localDateTime":"2025-12-01T04:10:44.179877"}]"
[ ERROR] [46065] [2025-12-01 04:10:44.542] [http-nio-8082-exec-9] [com.cydeo.exception.GlobalExceptionHandler] - "[500] during [GET] to [http://task-service/api/v1/task/count/project/SP001] [TaskClient#getCountsByProject(String)]: [{"success":false,"message":"Action failed: An error occurred!","httpStatus":"INTERNAL_SERVER_ERROR","localDateTime":"2025-12-01T04:10:44.54104"}]"
[ ERROR] [46065] [2025-12-01 04:10:44.994] [http-nio-8082-exec-2] [com.cydeo.exception.GlobalExceptionHandler] - "[500] during [GET] to [http://task-service/api/v1/task/count/project/SP001] [TaskClient#getCountsByProject(String)]: [{"success":false,"message":"Action failed: An error occurred!","httpStatus":"INTERNAL_SERVER_ERROR","localDateTime":"2025-12-01T04:10:44.992736"}]"
[ ERROR] [46065] [2025-12-01 04:10:55.217] [http-nio-8082-exec-4] [com.cydeo.exception.GlobalExceptionHandler] - "[500] during [GET] to [http://task-service/api/v1/task/count/project/SP001] [TaskClient#getCountsByProject(String)]: [{"success":false,"message":"Action failed: An error occurred!","httpStatus":"INTERNAL_SERVER_ERROR","localDateTime":"2025-12-01T04:10:55.213028"}]"
[ ERROR] [46065] [2025-12-01 04:10:56.048] [http-nio-8082-exec-5] [com.cydeo.exception.GlobalExceptionHandler] - "[500] during [GET] to [http://task-service/api/v1/task/count/project/SP001] [TaskClient#getCountsByProject(String)]: [{"success":false,"message":"Action failed: An error occurred!","httpStatus":"INTERNAL_SERVER_ERROR","localDateTime":"2025-12-01T04:10:56.045882"}]"
[ ERROR] [46065] [2025-12-01 04:11:00.973] [http-nio-8082-exec-8] [com.cydeo.exception.GlobalExceptionHandler] - "[500] during [GET] to [http://task-service/api/v1/task/count/project/SP001] [TaskClient#getCountsByProject(String)]: [{"success":false,"message":"Action failed: An error occurred!","httpStatus":"INTERNAL_SERVER_ERROR","localDateTime":"2025-12-01T04:11:00.971493"}]"
[ ERROR] [46065] [2025-12-01 04:11:18.121] [http-nio-8082-exec-10] [com.cydeo.exception.GlobalExceptionHandler] - "[500] during [GET] to [http://task-service/api/v1/task/count/project/SP001] [TaskClient#getCountsByProject(String)]: [{"success":false,"message":"Action failed: An error occurred!","httpStatus":"INTERNAL_SERVER_ERROR","localDateTime":"2025-12-01T04:11:18.115489"}]"
[ ERROR] [10866] [2025-12-03 20:01:27.155] [http-nio-8082-exec-3] [com.cydeo.exception.GlobalExceptionHandler] - "Access is denied"
[ ERROR] [10866] [2025-12-03 20:02:43.876] [http-nio-8082-exec-6] [com.cydeo.exception.GlobalExceptionHandler] - "Access is denied"
[ ERROR] [87871] [2025-12-15 04:40:25.097] [http-nio-8082-exec-3] [com.cydeo.exception.GlobalExceptionHandler] - "Project does not exist."
[ ERROR] [13935] [2026-02-01 01:25:24.084] [http-nio-8082-exec-3] [com.cydeo.exception.GlobalExceptionHandler] - "Access is denied"
[ ERROR] [46563] [2026-02-11 05:09:42.511] [http-nio-8082-exec-1] [com.cydeo.exception.GlobalExceptionHandler] - "Access is denied"
[ ERROR] [46563] [2026-02-11 05:11:55.104] [http-nio-8082-exec-5] [com.cydeo.exception.GlobalExceptionHandler] - "Access is denied"
[ ERROR] [46563] [2026-02-11 05:12:00.255] [http-nio-8082-exec-6] [com.cydeo.exception.GlobalExceptionHandler] - "Access is denied"
[ ERROR] [46563] [2026-02-11 05:12:20.059] [http-nio-8082-exec-7] [com.cydeo.exception.GlobalExceptionHandler] - "Access is denied"
[ ERROR] [46563] [2026-02-11 05:12:30.750] [http-nio-8082-exec-8] [com.cydeo.exception.GlobalExceptionHandler] - "Access is denied"
[ ERROR] [46563] [2026-02-11 05:12:31.778] [http-nio-8082-exec-9] [com.cydeo.exception.GlobalExceptionHandler] - "Access is denied"
[ ERROR] [46563] [2026-02-11 05:12:35.955] [http-nio-8082-exec-10] [com.cydeo.exception.GlobalExceptionHandler] - "Access is denied"
[ ERROR] [46563] [2026-02-11 05:12:36.589] [http-nio-8082-exec-2] [com.cydeo.exception.GlobalExceptionHandler] - "Access is denied"
[ ERROR] [46563] [2026-02-11 05:12:40.534] [http-nio-8082-exec-1] [com.cydeo.exception.GlobalExceptionHandler] - "Access is denied"
[ ERROR] [46563] [2026-02-11 05:17:49.084] [http-nio-8082-exec-5] [com.cydeo.exception.GlobalExceptionHandler] - "Access is denied"
[ ERROR] [46563] [2026-02-11 05:18:19.139] [http-nio-8082-exec-6] [com.cydeo.exception.GlobalExceptionHandler] - "Access is denied"
[ ERROR] [46563] [2026-02-11 05:18:20.283] [http-nio-8082-exec-7] [com.cydeo.exception.GlobalExceptionHandler] - "Access is denied"
[ ERROR] [46563] [2026-02-11 05:18:22.711] [http-nio-8082-exec-8] [com.cydeo.exception.GlobalExceptionHandler] - "Access is denied"
[ ERROR] [46563] [2026-02-11 05:18:28.285] [http-nio-8082-exec-9] [com.cydeo.exception.GlobalExceptionHandler] - "Access is denied"
[ ERROR] [46563] [2026-02-11 05:18:29.429] [http-nio-8082-exec-10] [com.cydeo.exception.GlobalExceptionHandler] - "Access is denied"
[ ERROR] [46563] [2026-02-11 05:18:30.272] [http-nio-8082-exec-2] [com.cydeo.exception.GlobalExceptionHandler] - "Access is denied"
[ ERROR] [46563] [2026-02-11 05:18:43.280] [http-nio-8082-exec-1] [com.cydeo.exception.GlobalExceptionHandler] - "Access is denied"
[ ERROR] [46563] [2026-02-11 05:19:30.884] [http-nio-8082-exec-3] [com.cydeo.exception.GlobalExceptionHandler] - "Access is denied"
[ ERROR] [46563] [2026-02-11 05:22:02.912] [http-nio-8082-exec-6] [com.cydeo.exception.GlobalExceptionHandler] - "Access is denied"
[ ERROR] [46563] [2026-02-11 05:22:04.396] [http-nio-8082-exec-7] [com.cydeo.exception.GlobalExceptionHandler] - "Access is denied"
[ ERROR] [46563] [2026-02-11 05:22:06.931] [http-nio-8082-exec-8] [com.cydeo.exception.GlobalExceptionHandler] - "Access is denied"
[ ERROR] [46563] [2026-02-11 05:22:07.562] [http-nio-8082-exec-9] [com.cydeo.exception.GlobalExceptionHandler] - "Access is denied"
[ ERROR] [46563] [2026-02-11 05:22:07.851] [http-nio-8082-exec-10] [com.cydeo.exception.GlobalExceptionHandler] - "Access is denied"
[ ERROR] [46563] [2026-02-11 05:22:09.096] [http-nio-8082-exec-2] [com.cydeo.exception.GlobalExceptionHandler] - "Access is denied"
[ ERROR] [46563] [2026-02-11 05:24:00.640] [http-nio-8082-exec-4] [com.cydeo.exception.GlobalExceptionHandler] - "Access is denied"
[ ERROR] [46563] [2026-02-11 05:24:15.083] [http-nio-8082-exec-6] [com.cydeo.exception.GlobalExceptionHandler] - "Access is denied"
[ ERROR] [46563] [2026-02-11 05:24:37.504] [http-nio-8082-exec-7] [com.cydeo.exception.GlobalExceptionHandler] - "Access is denied"
[ ERROR] [46563] [2026-02-11 05:24:43.359] [http-nio-8082-exec-8] [com.cydeo.exception.GlobalExceptionHandler] - "Access is denied"
[ ERROR] [46563] [2026-02-11 05:24:44.836] [http-nio-8082-exec-9] [com.cydeo.exception.GlobalExceptionHandler] - "Access is denied"
[ ERROR] [46563] [2026-02-11 05:24:45.470] [http-nio-8082-exec-10] [com.cydeo.exception.GlobalExceptionHandler] - "Access is denied"
[ ERROR] [46563] [2026-02-11 05:24:56.899] [http-nio-8082-exec-2] [com.cydeo.exception.GlobalExceptionHandler] - "Access is denied"
[ ERROR] [46563] [2026-02-11 05:24:57.839] [http-nio-8082-exec-1] [com.cydeo.exception.GlobalExceptionHandler] - "Access is denied"
[ ERROR] [46563] [2026-02-11 05:25:21.609] [http-nio-8082-exec-3] [com.cydeo.exception.GlobalExceptionHandler] - "Access is denied"
[ ERROR] [46563] [2026-02-11 05:25:23.305] [http-nio-8082-exec-4] [com.cydeo.exception.GlobalExceptionHandler] - "Access is denied"
[ ERROR] [46563] [2026-02-11 05:31:23.190] [http-nio-8082-exec-9] [com.cydeo.exception.GlobalExceptionHandler] - "Access is denied"
[ ERROR] [46563] [2026-02-11 05:31:25.406] [http-nio-8082-exec-10] [com.cydeo.exception.GlobalExceptionHandler] - "Access is denied"
[ ERROR] [46563] [2026-02-11 05:31:29.408] [http-nio-8082-exec-2] [com.cydeo.exception.GlobalExceptionHandler] - "Access is denied"
[ ERROR] [46563] [2026-02-11 05:31:33.739] [http-nio-8082-exec-1] [com.cydeo.exception.GlobalExceptionHandler] - "Access is denied"
[ ERROR] [46563] [2026-02-11 05:31:34.700] [http-nio-8082-exec-3] [com.cydeo.exception.GlobalExceptionHandler] - "Access is denied"
[ ERROR] [46563] [2026-02-11 05:31:44.414] [http-nio-8082-exec-4] [com.cydeo.exception.GlobalExceptionHandler] - "javax.ws.rs.NotAuthorizedException: HTTP 401 Unauthorized"
[ ERROR] [46563] [2026-02-11 05:31:45.393] [http-nio-8082-exec-6] [com.cydeo.exception.GlobalExceptionHandler] - "javax.ws.rs.NotAuthorizedException: HTTP 401 Unauthorized"
[ ERROR] [46563] [2026-02-11 05:31:45.994] [http-nio-8082-exec-8] [com.cydeo.exception.GlobalExceptionHandler] - "javax.ws.rs.NotAuthorizedException: HTTP 401 Unauthorized"
[ ERROR] [46563] [2026-02-11 05:32:23.707] [http-nio-8082-exec-10] [com.cydeo.exception.GlobalExceptionHandler] - "Access is denied"
[ ERROR] [46563] [2026-02-11 05:33:54.810] [http-nio-8082-exec-3] [com.cydeo.exception.GlobalExceptionHandler] - "javax.ws.rs.NotAuthorizedException: HTTP 401 Unauthorized"
[ ERROR] [46563] [2026-02-11 05:33:55.511] [http-nio-8082-exec-4] [com.cydeo.exception.GlobalExceptionHandler] - "javax.ws.rs.NotAuthorizedException: HTTP 401 Unauthorized"
[ ERROR] [46563] [2026-02-11 05:37:24.465] [http-nio-8082-exec-8] [com.cydeo.exception.GlobalExceptionHandler] - "javax.ws.rs.NotAuthorizedException: HTTP 401 Unauthorized"
[ ERROR] [46563] [2026-02-11 05:37:29.298] [http-nio-8082-exec-10] [com.cydeo.exception.GlobalExceptionHandler] - "javax.ws.rs.NotAuthorizedException: HTTP 401 Unauthorized"
[ ERROR] [46563] [2026-02-11 05:37:53.525] [http-nio-8082-exec-5] [com.cydeo.exception.GlobalExceptionHandler] - "Access is denied"
[ ERROR] [5891] [2026-02-12 03:34:58.955] [http-nio-8082-exec-3] [com.cydeo.exception.GlobalExceptionHandler] - "[503] during [GET] to [http://task-service/api/v1/task/count/project/SP001] [TaskClient#getCountsByProject(String)]: [Load balancer does not contain an instance for the service task-service]"
[ ERROR] [5891] [2026-02-12 03:35:56.163] [http-nio-8082-exec-5] [com.cydeo.exception.GlobalExceptionHandler] - "[503] during [GET] to [http://task-service/api/v1/task/count/project/SP001] [TaskClient#getCountsByProject(String)]: [Load balancer does not contain an instance for the service task-service]"
[ ERROR] [5891] [2026-02-12 03:35:56.972] [http-nio-8082-exec-6] [com.cydeo.exception.GlobalExceptionHandler] - "[503] during [GET] to [http://task-service/api/v1/task/count/project/SP001] [TaskClient#getCountsByProject(String)]: [Load balancer does not contain an instance for the service task-service]"
